
gunas@18MIS0027 MINGW64 /b/AndroidProjects/ellipse (master)
$ npm install -g firebase-tools
npm WARN deprecated request@2.88.2: request has been deprecated, see https://git
hub.com/request/request/issues/3142
npm WARN deprecated har-validator@5.1.5: this library is no longer supported
C:\Users\gunas\AppData\Roaming\npm\firebase -> C:\Users\gunas\AppData\Roaming\np
m\node_modules\firebase-tools\lib\bin\firebase.js

> re2@1.15.4 install C:\Users\gunas\AppData\Roaming\npm\node_modules\firebase-to
ols\node_modules\re2
> install-from-cache --artifact build/Release/re2.node --host-var RE2_DOWNLOAD_M
IRROR

Trying https://github.com/uhop/node-re2/releases/download/1.15.4/win32-x64-72.br
 ...
Writing to build/Release/re2.node ...
Done.

> protobufjs@6.10.1 postinstall C:\Users\gunas\AppData\Roaming\npm\node_modules\
firebase-tools\node_modules\protobufjs
> node scripts/postinstall

npm WARN optional SKIPPING OPTIONAL DEPENDENCY: fsevents@~2.1.2 (node_modules\fi
rebase-tools\node_modules\chokidar\node_modules\fsevents):
npm WARN notsup SKIPPING OPTIONAL DEPENDENCY: Unsupported platform for fsevents@
2.1.3: wanted {"os":"darwin","arch":"any"} (current: {"os":"win32","arch":"x64"}
)

+ firebase-tools@8.11.2
added 603 packages from 376 contributors in 97.356s

gunas@18MIS0027 MINGW64 /b/AndroidProjects/ellipse (master)
$ firebase login
i  Firebase optionally collects CLI usage and error reporting information to hel
p improve our products. Data is collected in accordance with Google's privacy po
licy (https://policies.google.com/privacy) and is not used to identify you.

? Allow Firebase to collect CLI usage and error reporting information? Yes
i  To change your data collection preference at any time, run `firebase logout`
and log in again.

Visit this URL on this device to log in:
https://accounts.google.com/o/oauth2/auth?client_id=563584335869-fgrhgmd47bqneki
j5i8b5pr03ho849e6.apps.googleusercontent.com&scope=email%20openid%20https%3A%2F%
2Fwww.googleapis.com%2Fauth%2Fcloudplatformprojects.readonly%20https%3A%2F%2Fwww
.googleapis.com%2Fauth%2Ffirebase%20https%3A%2F%2Fwww.googleapis.com%2Fauth%2Fcl
oud-platform&response_type=code&state=520023026&redirect_uri=http%3A%2F%2Flocalh
ost%3A9005

Waiting for authentication...

+  Success! Logged in as gunasekhar7781322@gmail.com

gunas@18MIS0027 MINGW64 /b/AndroidProjects/ellipse (master)
$ firebase init

     ######## #### ########  ######## ########     ###     ######  ########
     ##        ##  ##     ## ##       ##     ##  ##   ##  ##       ##
     ######    ##  ########  ######   ########  #########  ######  ######
     ##        ##  ##    ##  ##       ##     ## ##     ##       ## ##
     ##       #### ##     ## ######## ########  ##     ##  ######  ########

You're about to initialize a Firebase project in this directory:

  B:\AndroidProjects\ellipse

? Are you ready to proceed? No

Error: Aborted by user.

gunas@18MIS0027 MINGW64 /b/AndroidProjects/ellipse (master)
$ firebase init functions

     ######## #### ########  ######## ########     ###     ######  ########
     ##        ##  ##     ## ##       ##     ##  ##   ##  ##       ##
     ######    ##  ########  ######   ########  #########  ######  ######
     ##        ##  ##    ##  ##       ##     ## ##     ##       ## ##
     ##       #### ##     ## ######## ########  ##     ##  ######  ########

You're about to initialize a Firebase project in this directory:

  B:\AndroidProjects\ellipse

? Are you ready to proceed? Yes

=== Project Setup

First, let's associate this project directory with a Firebase project.
You can create multiple project aliases by running firebase use --add,
but for now we'll just set up a default project.

? Please select an option: Use an existing project
? Select a default Firebase project for this directory: ellipse-e2428 (Ellipse)
i  Using project ellipse-e2428 (Ellipse)

=== Functions Setup

A functions directory will be created in your project with a Node.js
package pre-configured. Functions can be deployed with firebase deploy.

? What language would you like to use to write Cloud Functions? JavaScript
? Do you want to use ESLint to catch probable bugs and enforce style? Yes
+  Wrote functions/package.json
+  Wrote functions/.eslintrc.json
+  Wrote functions/index.js
+  Wrote functions/.gitignore
? Do you want to install dependencies with npm now? Yes

> protobufjs@6.10.1 postinstall B:\AndroidProjects\ellipse\functions\node_module
s\protobufjs
> node scripts/postinstall

npm notice created a lockfile as package-lock.json. You should commit this file.
added 361 packages from 264 contributors and audited 361 packages in 169.152s

33 packages are looking for funding
  run `npm fund` for details

found 0 vulnerabilities


i  Writing configuration info to firebase.json...
i  Writing project information to .firebaserc...

+  Firebase initialization complete!

gunas@18MIS0027 MINGW64 /b/AndroidProjects/ellipse (master)
$

gunas@18MIS0027 MINGW64 /b/AndroidProjects/ellipse (master)
$

gunas@18MIS0027 MINGW64 /b/AndroidProjects/ellipse (master)
$

gunas@18MIS0027 MINGW64 /b/AndroidProjects/ellipse (master)
$

gunas@18MIS0027 MINGW64 /b/AndroidProjects/ellipse (master)
$

gunas@18MIS0027 MINGW64 /b/AndroidProjects/ellipse (master)
$ firebase deploy --only functions

=== Deploying to 'ellipse-e2428'...

i  deploying functions
Running command: npm --prefix "$RESOURCE_DIR" run lint

> functions@ lint B:\AndroidProjects\ellipse\functions
> eslint .

+  functions: Finished running predeploy script.
i  functions: ensuring required API cloudfunctions.googleapis.com is enabled...
i  functions: ensuring required API cloudbuild.googleapis.com is enabled...
!  functions: missing required API cloudbuild.googleapis.com. Enabling now...
+  functions: required API cloudfunctions.googleapis.com is enabled

Error: Server Error. connect ETIMEDOUT 216.58.197.42:443

gunas@18MIS0027 MINGW64 /b/AndroidProjects/ellipse (master)
$ firebase deploy --only functions

=== Deploying to 'ellipse-e2428'...

i  deploying functions
Running command: npm --prefix "$RESOURCE_DIR" run lint

> functions@ lint B:\AndroidProjects\ellipse\functions
> eslint .

+  functions: Finished running predeploy script.
i  functions: ensuring required API cloudfunctions.googleapis.com is enabled...
i  functions: ensuring required API cloudbuild.googleapis.com is enabled...
!  functions: missing required API cloudbuild.googleapis.com. Enabling now...
+  functions: required API cloudfunctions.googleapis.com is enabled

Error: Server Error. read ECONNRESET

Having trouble? Try again or contact support with contents of firebase-debug.log

gunas@18MIS0027 MINGW64 /b/AndroidProjects/ellipse (master)
$ ^C

gunas@18MIS0027 MINGW64 /b/AndroidProjects/ellipse (master)
$ ^C

gunas@18MIS0027 MINGW64 /b/AndroidProjects/ellipse (master)
$
